Archive member included because of file (symbol)

c:/program files (x86)/atmel/atmel toolchain/avr8 gcc/native/3.4.1061/avr8-gnu-toolchain/bin/../lib/gcc/avr/4.8.1/avrxmega7\libgcc.a(_exit.o)
                              c:/program files (x86)/atmel/atmel toolchain/avr8 gcc/native/3.4.1061/avr8-gnu-toolchain/bin/../lib/gcc/avr/4.8.1/../../../../avr/lib/avrxmega7/crtx128a1.o (exit)

Discarded input sections

 .data          0x00000000        0x0 c:/program files (x86)/atmel/atmel toolchain/avr8 gcc/native/3.4.1061/avr8-gnu-toolchain/bin/../lib/gcc/avr/4.8.1/../../../../avr/lib/avrxmega7/crtx128a1.o
 .bss           0x00000000        0x0 c:/program files (x86)/atmel/atmel toolchain/avr8 gcc/native/3.4.1061/avr8-gnu-toolchain/bin/../lib/gcc/avr/4.8.1/../../../../avr/lib/avrxmega7/crtx128a1.o
 .group         0x00000000        0x8 src/ASF/common/services/clock/xmega/sysclk.o
 .group         0x00000000        0x8 src/ASF/common/services/clock/xmega/sysclk.o
 .group         0x00000000        0x8 src/ASF/common/services/clock/xmega/sysclk.o
 .group         0x00000000        0x8 src/ASF/common/services/clock/xmega/sysclk.o
 .group         0x00000000        0x8 src/ASF/common/services/clock/xmega/sysclk.o
 .group         0x00000000        0x8 src/ASF/common/services/clock/xmega/sysclk.o
 .group         0x00000000        0x8 src/ASF/common/services/clock/xmega/sysclk.o
 .group         0x00000000        0x8 src/ASF/common/services/clock/xmega/sysclk.o
 .group         0x00000000        0x8 src/ASF/common/services/clock/xmega/sysclk.o
 .group         0x00000000        0x8 src/ASF/common/services/clock/xmega/sysclk.o
 .group         0x00000000        0x8 src/ASF/common/services/clock/xmega/sysclk.o
 .group         0x00000000        0x8 src/ASF/common/services/clock/xmega/sysclk.o
 .group         0x00000000        0x8 src/ASF/common/services/clock/xmega/sysclk.o
 .group         0x00000000        0x8 src/ASF/common/services/clock/xmega/sysclk.o
 .group         0x00000000        0x8 src/ASF/common/services/clock/xmega/sysclk.o
 .group         0x00000000        0x8 src/ASF/common/services/clock/xmega/sysclk.o
 .group         0x00000000        0x8 src/ASF/common/services/clock/xmega/sysclk.o
 .group         0x00000000        0x8 src/ASF/common/services/clock/xmega/sysclk.o
 .group         0x00000000        0x8 src/ASF/common/services/clock/xmega/sysclk.o
 .group         0x00000000        0x8 src/ASF/common/services/clock/xmega/sysclk.o
 .group         0x00000000        0x8 src/ASF/common/services/clock/xmega/sysclk.o
 .group         0x00000000        0x8 src/ASF/common/services/clock/xmega/sysclk.o
 .group         0x00000000        0x8 src/ASF/common/services/clock/xmega/sysclk.o
 .group         0x00000000        0x8 src/ASF/common/services/clock/xmega/sysclk.o
 .group         0x00000000        0x8 src/ASF/common/services/clock/xmega/sysclk.o
 .group         0x00000000        0x8 src/ASF/common/services/clock/xmega/sysclk.o
 .group         0x00000000        0x8 src/ASF/common/services/clock/xmega/sysclk.o
 .group         0x00000000        0x8 src/ASF/common/services/clock/xmega/sysclk.o
 .group         0x00000000        0x8 src/ASF/common/services/clock/xmega/sysclk.o
 .group         0x00000000        0x8 src/ASF/common/services/clock/xmega/sysclk.o
 .group         0x00000000        0x8 src/ASF/common/services/clock/xmega/sysclk.o
 .group         0x00000000        0x8 src/ASF/common/services/clock/xmega/sysclk.o
 .group         0x00000000        0x8 src/ASF/common/services/clock/xmega/sysclk.o
 .group         0x00000000        0x8 src/ASF/common/services/clock/xmega/sysclk.o
 .group         0x00000000        0x8 src/ASF/common/services/clock/xmega/sysclk.o
 .group         0x00000000        0x8 src/ASF/common/services/clock/xmega/sysclk.o
 .group         0x00000000        0x8 src/ASF/common/services/clock/xmega/sysclk.o
 .text          0x00000000        0x0 src/ASF/common/services/clock/xmega/sysclk.o
 .data          0x00000000        0x0 src/ASF/common/services/clock/xmega/sysclk.o
 .bss           0x00000000        0x0 src/ASF/common/services/clock/xmega/sysclk.o
 .text.sysclk_init
                0x00000000       0x20 src/ASF/common/services/clock/xmega/sysclk.o
 .text.sysclk_enable_module
                0x00000000       0x18 src/ASF/common/services/clock/xmega/sysclk.o
 .text.sysclk_disable_module
                0x00000000       0x16 src/ASF/common/services/clock/xmega/sysclk.o
 .debug_info    0x00000000      0x46d src/ASF/common/services/clock/xmega/sysclk.o
 .debug_abbrev  0x00000000      0x1dd src/ASF/common/services/clock/xmega/sysclk.o
 .debug_loc     0x00000000      0x17d src/ASF/common/services/clock/xmega/sysclk.o
 .debug_aranges
                0x00000000       0x30 src/ASF/common/services/clock/xmega/sysclk.o
 .debug_ranges  0x00000000       0x20 src/ASF/common/services/clock/xmega/sysclk.o
 .debug_macro   0x00000000      0x1d2 src/ASF/common/services/clock/xmega/sysclk.o
 .debug_macro   0x00000000      0xa72 src/ASF/common/services/clock/xmega/sysclk.o
 .debug_macro   0x00000000       0x10 src/ASF/common/services/clock/xmega/sysclk.o
 .debug_macro   0x00000000      0x1ad src/ASF/common/services/clock/xmega/sysclk.o
 .debug_macro   0x00000000      0x293 src/ASF/common/services/clock/xmega/sysclk.o
 .debug_macro   0x00000000       0x9e src/ASF/common/services/clock/xmega/sysclk.o
 .debug_macro   0x00000000     0x5272 src/ASF/common/services/clock/xmega/sysclk.o
 .debug_macro   0x00000000       0x9a src/ASF/common/services/clock/xmega/sysclk.o
 .debug_macro   0x00000000       0xf1 src/ASF/common/services/clock/xmega/sysclk.o
 .debug_macro   0x00000000       0x34 src/ASF/common/services/clock/xmega/sysclk.o
 .debug_macro   0x00000000       0x10 src/ASF/common/services/clock/xmega/sysclk.o
 .debug_macro   0x00000000       0x18 src/ASF/common/services/clock/xmega/sysclk.o
 .debug_macro   0x00000000       0x5e src/ASF/common/services/clock/xmega/sysclk.o
 .debug_macro   0x00000000       0x10 src/ASF/common/services/clock/xmega/sysclk.o
 .debug_macro   0x00000000       0x22 src/ASF/common/services/clock/xmega/sysclk.o
 .debug_macro   0x00000000      0x166 src/ASF/common/services/clock/xmega/sysclk.o
 .debug_macro   0x00000000       0x1c src/ASF/common/services/clock/xmega/sysclk.o
 .debug_macro   0x00000000       0x35 src/ASF/common/services/clock/xmega/sysclk.o
 .debug_macro   0x00000000       0x66 src/ASF/common/services/clock/xmega/sysclk.o
 .debug_macro   0x00000000      0x5bf src/ASF/common/services/clock/xmega/sysclk.o
 .debug_macro   0x00000000       0x97 src/ASF/common/services/clock/xmega/sysclk.o
 .debug_macro   0x00000000       0x17 src/ASF/common/services/clock/xmega/sysclk.o
 .debug_macro   0x00000000      0x250 src/ASF/common/services/clock/xmega/sysclk.o
 .debug_macro   0x00000000       0x76 src/ASF/common/services/clock/xmega/sysclk.o
 .debug_macro   0x00000000       0x16 src/ASF/common/services/clock/xmega/sysclk.o
 .debug_macro   0x00000000      0x6e3 src/ASF/common/services/clock/xmega/sysclk.o
 .debug_macro   0x00000000       0x10 src/ASF/common/services/clock/xmega/sysclk.o
 .debug_macro   0x00000000      0x175 src/ASF/common/services/clock/xmega/sysclk.o
 .debug_macro   0x00000000       0x40 src/ASF/common/services/clock/xmega/sysclk.o
 .debug_macro   0x00000000       0x69 src/ASF/common/services/clock/xmega/sysclk.o
 .debug_macro   0x00000000       0x32 src/ASF/common/services/clock/xmega/sysclk.o
 .debug_macro   0x00000000       0xe4 src/ASF/common/services/clock/xmega/sysclk.o
 .debug_macro   0x00000000       0x1c src/ASF/common/services/clock/xmega/sysclk.o
 .debug_macro   0x00000000      0x26b src/ASF/common/services/clock/xmega/sysclk.o
 .debug_macro   0x00000000      0x17c src/ASF/common/services/clock/xmega/sysclk.o
 .debug_macro   0x00000000       0x84 src/ASF/common/services/clock/xmega/sysclk.o
 .debug_macro   0x00000000       0x2f src/ASF/common/services/clock/xmega/sysclk.o
 .debug_macro   0x00000000      0x13f src/ASF/common/services/clock/xmega/sysclk.o
 .debug_line    0x00000000      0x51d src/ASF/common/services/clock/xmega/sysclk.o
 .debug_str     0x00000000    0x263e7 src/ASF/common/services/clock/xmega/sysclk.o
 .comment       0x00000000       0x31 src/ASF/common/services/clock/xmega/sysclk.o
 .debug_frame   0x00000000       0x44 src/ASF/common/services/clock/xmega/sysclk.o
 .text          0x00000000        0x0 src/ASF/xmega/drivers/cpu/ccp.o
 .data          0x00000000        0x0 src/ASF/xmega/drivers/cpu/ccp.o
 .bss           0x00000000        0x0 src/ASF/xmega/drivers/cpu/ccp.o
 .text.ccp_write_io
                0x00000000        0xc src/ASF/xmega/drivers/cpu/ccp.o
 .debug_line    0x00000000       0x6e src/ASF/xmega/drivers/cpu/ccp.o
 .debug_info    0x00000000       0xa1 src/ASF/xmega/drivers/cpu/ccp.o
 .debug_abbrev  0x00000000       0x14 src/ASF/xmega/drivers/cpu/ccp.o
 .debug_aranges
                0x00000000       0x20 src/ASF/xmega/drivers/cpu/ccp.o
 .group         0x00000000        0x8 src/ASF/common/services/ioport/xmega/ioport_compat.o
 .group         0x00000000        0x8 src/ASF/common/services/ioport/xmega/ioport_compat.o
 .group         0x00000000        0x8 src/ASF/common/services/ioport/xmega/ioport_compat.o
 .group         0x00000000        0x8 src/ASF/common/services/ioport/xmega/ioport_compat.o
 .group         0x00000000        0x8 src/ASF/common/services/ioport/xmega/ioport_compat.o
 .group         0x00000000        0x8 src/ASF/common/services/ioport/xmega/ioport_compat.o
 .group         0x00000000        0x8 src/ASF/common/services/ioport/xmega/ioport_compat.o
 .group         0x00000000        0x8 src/ASF/common/services/ioport/xmega/ioport_compat.o
 .group         0x00000000        0x8 src/ASF/common/services/ioport/xmega/ioport_compat.o
 .group         0x00000000        0x8 src/ASF/common/services/ioport/xmega/ioport_compat.o
 .group         0x00000000        0x8 src/ASF/common/services/ioport/xmega/ioport_compat.o
 .group         0x00000000        0x8 src/ASF/common/services/ioport/xmega/ioport_compat.o
 .group         0x00000000        0x8 src/ASF/common/services/ioport/xmega/ioport_compat.o
 .group         0x00000000        0x8 src/ASF/common/services/ioport/xmega/ioport_compat.o
 .group         0x00000000        0x8 src/ASF/common/services/ioport/xmega/ioport_compat.o
 .group         0x00000000        0x8 src/ASF/common/services/ioport/xmega/ioport_compat.o
 .group         0x00000000        0x8 src/ASF/common/services/ioport/xmega/ioport_compat.o
 .group         0x00000000        0x8 src/ASF/common/services/ioport/xmega/ioport_compat.o
 .group         0x00000000        0x8 src/ASF/common/services/ioport/xmega/ioport_compat.o
 .group         0x00000000        0x8 src/ASF/common/services/ioport/xmega/ioport_compat.o
 .group         0x00000000        0x8 src/ASF/common/services/ioport/xmega/ioport_compat.o
 .group         0x00000000        0x8 src/ASF/common/services/ioport/xmega/ioport_compat.o
 .group         0x00000000        0x8 src/ASF/common/services/ioport/xmega/ioport_compat.o
 .group         0x00000000        0x8 src/ASF/common/services/ioport/xmega/ioport_compat.o
 .group         0x00000000        0x8 src/ASF/common/services/ioport/xmega/ioport_compat.o
 .group         0x00000000        0x8 src/ASF/common/services/ioport/xmega/ioport_compat.o
 .group         0x00000000        0x8 src/ASF/common/services/ioport/xmega/ioport_compat.o
 .group         0x00000000        0x8 src/ASF/common/services/ioport/xmega/ioport_compat.o
 .group         0x00000000        0x8 src/ASF/common/services/ioport/xmega/ioport_compat.o
 .group         0x00000000        0x8 src/ASF/common/services/ioport/xmega/ioport_compat.o
 .group         0x00000000        0x8 src/ASF/common/services/ioport/xmega/ioport_compat.o
 .group         0x00000000        0x8 src/ASF/common/services/ioport/xmega/ioport_compat.o
 .group         0x00000000        0x8 src/ASF/common/services/ioport/xmega/ioport_compat.o
 .text          0x00000000        0x0 src/ASF/common/services/ioport/xmega/ioport_compat.o
 .data          0x00000000        0x0 src/ASF/common/services/ioport/xmega/ioport_compat.o
 .bss           0x00000000        0x0 src/ASF/common/services/ioport/xmega/ioport_compat.o
 .debug_macro   0x00000000      0xa72 src/ASF/common/services/ioport/xmega/ioport_compat.o
 .debug_macro   0x00000000      0x5bf src/ASF/common/services/ioport/xmega/ioport_compat.o
 .debug_macro   0x00000000       0x10 src/ASF/common/services/ioport/xmega/ioport_compat.o
 .debug_macro   0x00000000      0x1ad src/ASF/common/services/ioport/xmega/ioport_compat.o
 .debug_macro   0x00000000      0x293 src/ASF/common/services/ioport/xmega/ioport_compat.o
 .debug_macro   0x00000000       0x9e src/ASF/common/services/ioport/xmega/ioport_compat.o
 .debug_macro   0x00000000     0x5272 src/ASF/common/services/ioport/xmega/ioport_compat.o
 .debug_macro   0x00000000       0x9a src/ASF/common/services/ioport/xmega/ioport_compat.o
 .debug_macro   0x00000000       0xf1 src/ASF/common/services/ioport/xmega/ioport_compat.o
 .debug_macro   0x00000000       0x34 src/ASF/common/services/ioport/xmega/ioport_compat.o
 .debug_macro   0x00000000       0x10 src/ASF/common/services/ioport/xmega/ioport_compat.o
 .debug_macro   0x00000000       0x18 src/ASF/common/services/ioport/xmega/ioport_compat.o
 .debug_macro   0x00000000       0x5e src/ASF/common/services/ioport/xmega/ioport_compat.o
 .debug_macro   0x00000000       0x10 src/ASF/common/services/ioport/xmega/ioport_compat.o
 .debug_macro   0x00000000       0x22 src/ASF/common/services/ioport/xmega/ioport_compat.o
 .debug_macro   0x00000000      0x166 src/ASF/common/services/ioport/xmega/ioport_compat.o
 .debug_macro   0x00000000       0x1c src/ASF/common/services/ioport/xmega/ioport_compat.o
 .debug_macro   0x00000000       0x35 src/ASF/common/services/ioport/xmega/ioport_compat.o
 .debug_macro   0x00000000       0x66 src/ASF/common/services/ioport/xmega/ioport_compat.o
 .debug_macro   0x00000000       0x97 src/ASF/common/services/ioport/xmega/ioport_compat.o
 .debug_macro   0x00000000       0x17 src/ASF/common/services/ioport/xmega/ioport_compat.o
 .debug_macro   0x00000000      0x250 src/ASF/common/services/ioport/xmega/ioport_compat.o
 .debug_macro   0x00000000       0x76 src/ASF/common/services/ioport/xmega/ioport_compat.o
 .debug_macro   0x00000000       0x16 src/ASF/common/services/ioport/xmega/ioport_compat.o
 .debug_macro   0x00000000      0x6e3 src/ASF/common/services/ioport/xmega/ioport_compat.o
 .debug_macro   0x00000000       0x10 src/ASF/common/services/ioport/xmega/ioport_compat.o
 .debug_macro   0x00000000      0x175 src/ASF/common/services/ioport/xmega/ioport_compat.o
 .debug_macro   0x00000000       0x40 src/ASF/common/services/ioport/xmega/ioport_compat.o
 .debug_macro   0x00000000       0x69 src/ASF/common/services/ioport/xmega/ioport_compat.o
 .debug_macro   0x00000000       0x32 src/ASF/common/services/ioport/xmega/ioport_compat.o
 .debug_macro   0x00000000       0xe4 src/ASF/common/services/ioport/xmega/ioport_compat.o
 .group         0x00000000        0x8 src/ASF/xmega/boards/xmega_a1_xplained/init.o
 .group         0x00000000        0x8 src/ASF/xmega/boards/xmega_a1_xplained/init.o
 .group         0x00000000        0x8 src/ASF/xmega/boards/xmega_a1_xplained/init.o
 .group         0x00000000        0x8 src/ASF/xmega/boards/xmega_a1_xplained/init.o
 .group         0x00000000        0x8 src/ASF/xmega/boards/xmega_a1_xplained/init.o
 .group         0x00000000        0x8 src/ASF/xmega/boards/xmega_a1_xplained/init.o
 .group         0x00000000        0x8 src/ASF/xmega/boards/xmega_a1_xplained/init.o
 .group         0x00000000        0x8 src/ASF/xmega/boards/xmega_a1_xplained/init.o
 .group         0x00000000        0x8 src/ASF/xmega/boards/xmega_a1_xplained/init.o
 .group         0x00000000        0x8 src/ASF/xmega/boards/xmega_a1_xplained/init.o
 .group         0x00000000        0x8 src/ASF/xmega/boards/xmega_a1_xplained/init.o
 .group         0x00000000        0x8 src/ASF/xmega/boards/xmega_a1_xplained/init.o
 .group         0x00000000        0x8 src/ASF/xmega/boards/xmega_a1_xplained/init.o
 .group         0x00000000        0x8 src/ASF/xmega/boards/xmega_a1_xplained/init.o
 .group         0x00000000        0x8 src/ASF/xmega/boards/xmega_a1_xplained/init.o
 .group         0x00000000        0x8 src/ASF/xmega/boards/xmega_a1_xplained/init.o
 .group         0x00000000        0x8 src/ASF/xmega/boards/xmega_a1_xplained/init.o
 .group         0x00000000        0x8 src/ASF/xmega/boards/xmega_a1_xplained/init.o
 .group         0x00000000        0x8 src/ASF/xmega/boards/xmega_a1_xplained/init.o
 .group         0x00000000        0x8 src/ASF/xmega/boards/xmega_a1_xplained/init.o
 .group         0x00000000        0x8 src/ASF/xmega/boards/xmega_a1_xplained/init.o
 .group         0x00000000        0x8 src/ASF/xmega/boards/xmega_a1_xplained/init.o
 .group         0x00000000        0x8 src/ASF/xmega/boards/xmega_a1_xplained/init.o
 .group         0x00000000        0x8 src/ASF/xmega/boards/xmega_a1_xplained/init.o
 .group         0x00000000        0x8 src/ASF/xmega/boards/xmega_a1_xplained/init.o
 .group         0x00000000        0x8 src/ASF/xmega/boards/xmega_a1_xplained/init.o
 .group         0x00000000        0x8 src/ASF/xmega/boards/xmega_a1_xplained/init.o
 .group         0x00000000        0x8 src/ASF/xmega/boards/xmega_a1_xplained/init.o
 .group         0x00000000        0x8 src/ASF/xmega/boards/xmega_a1_xplained/init.o
 .group         0x00000000        0x8 src/ASF/xmega/boards/xmega_a1_xplained/init.o
 .group         0x00000000        0x8 src/ASF/xmega/boards/xmega_a1_xplained/init.o
 .group         0x00000000        0x8 src/ASF/xmega/boards/xmega_a1_xplained/init.o
 .group         0x00000000        0x8 src/ASF/xmega/boards/xmega_a1_xplained/init.o
 .group         0x00000000        0x8 src/ASF/xmega/boards/xmega_a1_xplained/init.o
 .group         0x00000000        0x8 src/ASF/xmega/boards/xmega_a1_xplained/init.o
 .group         0x00000000        0x8 src/ASF/xmega/boards/xmega_a1_xplained/init.o
 .text          0x00000000        0x0 src/ASF/xmega/boards/xmega_a1_xplained/init.o
 .data          0x00000000        0x0 src/ASF/xmega/boards/xmega_a1_xplained/init.o
 .bss           0x00000000        0x0 src/ASF/xmega/boards/xmega_a1_xplained/init.o
 .debug_macro   0x00000000      0xa72 src/ASF/xmega/boards/xmega_a1_xplained/init.o
 .debug_macro   0x00000000       0x10 src/ASF/xmega/boards/xmega_a1_xplained/init.o
 .debug_macro   0x00000000      0x1ad src/ASF/xmega/boards/xmega_a1_xplained/init.o
 .debug_macro   0x00000000      0x293 src/ASF/xmega/boards/xmega_a1_xplained/init.o
 .debug_macro   0x00000000       0x9e src/ASF/xmega/boards/xmega_a1_xplained/init.o
 .debug_macro   0x00000000     0x5272 src/ASF/xmega/boards/xmega_a1_xplained/init.o
 .debug_macro   0x00000000       0x9a src/ASF/xmega/boards/xmega_a1_xplained/init.o
 .debug_macro   0x00000000       0xf1 src/ASF/xmega/boards/xmega_a1_xplained/init.o
 .debug_macro   0x00000000       0x34 src/ASF/xmega/boards/xmega_a1_xplained/init.o
 .debug_macro   0x00000000       0x10 src/ASF/xmega/boards/xmega_a1_xplained/init.o
 .debug_macro   0x00000000       0x18 src/ASF/xmega/boards/xmega_a1_xplained/init.o
 .debug_macro   0x00000000       0x5e src/ASF/xmega/boards/xmega_a1_xplained/init.o
 .debug_macro   0x00000000       0x10 src/ASF/xmega/boards/xmega_a1_xplained/init.o
 .debug_macro   0x00000000       0x22 src/ASF/xmega/boards/xmega_a1_xplained/init.o
 .debug_macro   0x00000000      0x166 src/ASF/xmega/boards/xmega_a1_xplained/init.o
 .debug_macro   0x00000000       0x1c src/ASF/xmega/boards/xmega_a1_xplained/init.o
 .debug_macro   0x00000000       0x35 src/ASF/xmega/boards/xmega_a1_xplained/init.o
 .debug_macro   0x00000000       0x66 src/ASF/xmega/boards/xmega_a1_xplained/init.o
 .debug_macro   0x00000000      0x5bf src/ASF/xmega/boards/xmega_a1_xplained/init.o
 .debug_macro   0x00000000       0x97 src/ASF/xmega/boards/xmega_a1_xplained/init.o
 .debug_macro   0x00000000       0x17 src/ASF/xmega/boards/xmega_a1_xplained/init.o
 .debug_macro   0x00000000      0x250 src/ASF/xmega/boards/xmega_a1_xplained/init.o
 .debug_macro   0x00000000       0x76 src/ASF/xmega/boards/xmega_a1_xplained/init.o
 .debug_macro   0x00000000       0x16 src/ASF/xmega/boards/xmega_a1_xplained/init.o
 .debug_macro   0x00000000      0x6e3 src/ASF/xmega/boards/xmega_a1_xplained/init.o
 .debug_macro   0x00000000       0x10 src/ASF/xmega/boards/xmega_a1_xplained/init.o
 .debug_macro   0x00000000      0x175 src/ASF/xmega/boards/xmega_a1_xplained/init.o
 .debug_macro   0x00000000       0x40 src/ASF/xmega/boards/xmega_a1_xplained/init.o
 .debug_macro   0x00000000       0x69 src/ASF/xmega/boards/xmega_a1_xplained/init.o
 .debug_macro   0x00000000       0x32 src/ASF/xmega/boards/xmega_a1_xplained/init.o
 .debug_macro   0x00000000       0xe4 src/ASF/xmega/boards/xmega_a1_xplained/init.o
 .debug_macro   0x00000000      0x17c src/ASF/xmega/boards/xmega_a1_xplained/init.o
 .debug_macro   0x00000000       0x9a src/ASF/xmega/boards/xmega_a1_xplained/init.o
 .debug_macro   0x00000000      0x109 src/ASF/xmega/boards/xmega_a1_xplained/init.o
 .group         0x00000000        0x8 src/main.o
 .group         0x00000000        0x8 src/main.o
 .group         0x00000000        0x8 src/main.o
 .group         0x00000000        0x8 src/main.o
 .group         0x00000000        0x8 src/main.o
 .group         0x00000000        0x8 src/main.o
 .group         0x00000000        0x8 src/main.o
 .group         0x00000000        0x8 src/main.o
 .group         0x00000000        0x8 src/main.o
 .group         0x00000000        0x8 src/main.o
 .group         0x00000000        0x8 src/main.o
 .group         0x00000000        0x8 src/main.o
 .group         0x00000000        0x8 src/main.o
 .group         0x00000000        0x8 src/main.o
 .group         0x00000000        0x8 src/main.o
 .group         0x00000000        0x8 src/main.o
 .group         0x00000000        0x8 src/main.o
 .group         0x00000000        0x8 src/main.o
 .group         0x00000000        0x8 src/main.o
 .group         0x00000000        0x8 src/main.o
 .group         0x00000000        0x8 src/main.o
 .group         0x00000000        0x8 src/main.o
 .group         0x00000000        0x8 src/main.o
 .group         0x00000000        0x8 src/main.o
 .group         0x00000000        0x8 src/main.o
 .group         0x00000000        0x8 src/main.o
 .group         0x00000000        0x8 src/main.o
 .group         0x00000000        0x8 src/main.o
 .group         0x00000000        0x8 src/main.o
 .group         0x00000000        0x8 src/main.o
 .group         0x00000000        0x8 src/main.o
 .group         0x00000000        0x8 src/main.o
 .group         0x00000000        0x8 src/main.o
 .group         0x00000000        0x8 src/main.o
 .group         0x00000000        0x8 src/main.o
 .group         0x00000000        0x8 src/main.o
 .group         0x00000000        0x8 src/main.o
 .group         0x00000000        0x8 src/main.o
 .group         0x00000000        0x8 src/main.o
 .group         0x00000000        0x8 src/main.o
 .group         0x00000000        0x8 src/main.o
 .group         0x00000000        0x8 src/main.o
 .group         0x00000000        0x8 src/main.o
 .group         0x00000000        0x8 src/main.o
 .text          0x00000000        0x0 src/main.o
 .data          0x00000000        0x0 src/main.o
 .bss           0x00000000        0x0 src/main.o
 .debug_macro   0x00000000      0xa72 src/main.o
 .debug_macro   0x00000000       0x10 src/main.o
 .debug_macro   0x00000000      0x1ad src/main.o
 .debug_macro   0x00000000      0x293 src/main.o
 .debug_macro   0x00000000       0x9e src/main.o
 .debug_macro   0x00000000     0x5272 src/main.o
 .debug_macro   0x00000000       0x9a src/main.o
 .debug_macro   0x00000000       0xf1 src/main.o
 .debug_macro   0x00000000       0x34 src/main.o
 .debug_macro   0x00000000       0x10 src/main.o
 .debug_macro   0x00000000       0x18 src/main.o
 .debug_macro   0x00000000       0x5e src/main.o
 .debug_macro   0x00000000       0x10 src/main.o
 .debug_macro   0x00000000       0x22 src/main.o
 .debug_macro   0x00000000      0x166 src/main.o
 .debug_macro   0x00000000       0x1c src/main.o
 .debug_macro   0x00000000       0x35 src/main.o
 .debug_macro   0x00000000       0x66 src/main.o
 .debug_macro   0x00000000      0x5bf src/main.o
 .debug_macro   0x00000000       0x97 src/main.o
 .debug_macro   0x00000000       0x17 src/main.o
 .debug_macro   0x00000000      0x250 src/main.o
 .debug_macro   0x00000000       0x76 src/main.o
 .debug_macro   0x00000000       0x16 src/main.o
 .debug_macro   0x00000000      0x6e3 src/main.o
 .debug_macro   0x00000000       0x10 src/main.o
 .debug_macro   0x00000000      0x175 src/main.o
 .debug_macro   0x00000000       0x40 src/main.o
 .debug_macro   0x00000000       0x69 src/main.o
 .debug_macro   0x00000000       0x32 src/main.o
 .debug_macro   0x00000000       0xe4 src/main.o
 .debug_macro   0x00000000       0x1c src/main.o
 .debug_macro   0x00000000      0x26b src/main.o
 .debug_macro   0x00000000      0x17c src/main.o
 .debug_macro   0x00000000       0x84 src/main.o
 .debug_macro   0x00000000       0x2f src/main.o
 .debug_macro   0x00000000      0x13f src/main.o
 .debug_macro   0x00000000       0x9a src/main.o
 .debug_macro   0x00000000      0x109 src/main.o
 .text          0x00000000        0x0 c:/program files (x86)/atmel/atmel toolchain/avr8 gcc/native/3.4.1061/avr8-gnu-toolchain/bin/../lib/gcc/avr/4.8.1/avrxmega7\libgcc.a(_exit.o)
 .data          0x00000000        0x0 c:/program files (x86)/atmel/atmel toolchain/avr8 gcc/native/3.4.1061/avr8-gnu-toolchain/bin/../lib/gcc/avr/4.8.1/avrxmega7\libgcc.a(_exit.o)
 .bss           0x00000000        0x0 c:/program files (x86)/atmel/atmel toolchain/avr8 gcc/native/3.4.1061/avr8-gnu-toolchain/bin/../lib/gcc/avr/4.8.1/avrxmega7\libgcc.a(_exit.o)
 .text.libgcc.mul
                0x00000000        0x0 c:/program files (x86)/atmel/atmel toolchain/avr8 gcc/native/3.4.1061/avr8-gnu-toolchain/bin/../lib/gcc/avr/4.8.1/avrxmega7\libgcc.a(_exit.o)
 .text.libgcc.div
                0x00000000        0x0 c:/program files (x86)/atmel/atmel toolchain/avr8 gcc/native/3.4.1061/avr8-gnu-toolchain/bin/../lib/gcc/avr/4.8.1/avrxmega7\libgcc.a(_exit.o)
 .text.libgcc   0x00000000        0x0 c:/program files (x86)/atmel/atmel toolchain/avr8 gcc/native/3.4.1061/avr8-gnu-toolchain/bin/../lib/gcc/avr/4.8.1/avrxmega7\libgcc.a(_exit.o)
 .text.libgcc.prologue
                0x00000000        0x0 c:/program files (x86)/atmel/atmel toolchain/avr8 gcc/native/3.4.1061/avr8-gnu-toolchain/bin/../lib/gcc/avr/4.8.1/avrxmega7\libgcc.a(_exit.o)
 .text.libgcc.builtins
                0x00000000        0x0 c:/program files (x86)/atmel/atmel toolchain/avr8 gcc/native/3.4.1061/avr8-gnu-toolchain/bin/../lib/gcc/avr/4.8.1/avrxmega7\libgcc.a(_exit.o)
 .text.libgcc.fmul
                0x00000000        0x0 c:/program files (x86)/atmel/atmel toolchain/avr8 gcc/native/3.4.1061/avr8-gnu-toolchain/bin/../lib/gcc/avr/4.8.1/avrxmega7\libgcc.a(_exit.o)
 .text.libgcc.fixed
                0x00000000        0x0 c:/program files (x86)/atmel/atmel toolchain/avr8 gcc/native/3.4.1061/avr8-gnu-toolchain/bin/../lib/gcc/avr/4.8.1/avrxmega7\libgcc.a(_exit.o)

Memory Configuration

Name             Origin             Length             Attributes
text             0x00000000         0x00100000         xr
data             0x00802000         0x0000ffa0         rw !x
eeprom           0x00810000         0x00010000         rw !x
fuse             0x00820000         0x00000400         rw !x
lock             0x00830000         0x00000400         rw !x
signature        0x00840000         0x00000400         rw !x
user_signatures  0x00850000         0x00000400         rw !x
*default*        0x00000000         0xffffffff

Linker script and memory map

LOAD c:/program files (x86)/atmel/atmel toolchain/avr8 gcc/native/3.4.1061/avr8-gnu-toolchain/bin/../lib/gcc/avr/4.8.1/../../../../avr/lib/avrxmega7/crtx128a1.o
LOAD src/ASF/common/services/clock/xmega/sysclk.o
LOAD src/ASF/xmega/drivers/cpu/ccp.o
LOAD src/ASF/common/services/ioport/xmega/ioport_compat.o
LOAD src/ASF/xmega/boards/xmega_a1_xplained/init.o
LOAD src/main.o
START GROUP
LOAD c:/program files (x86)/atmel/atmel toolchain/avr8 gcc/native/3.4.1061/avr8-gnu-toolchain/bin/../lib/gcc/avr/4.8.1/../../../../avr/lib/avrxmega7\libm.a
END GROUP
Address of section .BOOT set to 0x20000
START GROUP
LOAD c:/program files (x86)/atmel/atmel toolchain/avr8 gcc/native/3.4.1061/avr8-gnu-toolchain/bin/../lib/gcc/avr/4.8.1/avrxmega7\libgcc.a
LOAD c:/program files (x86)/atmel/atmel toolchain/avr8 gcc/native/3.4.1061/avr8-gnu-toolchain/bin/../lib/gcc/avr/4.8.1/../../../../avr/lib/avrxmega7\libm.a
LOAD c:/program files (x86)/atmel/atmel toolchain/avr8 gcc/native/3.4.1061/avr8-gnu-toolchain/bin/../lib/gcc/avr/4.8.1/../../../../avr/lib/avrxmega7\libc.a
END GROUP

.hash
 *(.hash)

.dynsym
 *(.dynsym)

.dynstr
 *(.dynstr)

.gnu.version
 *(.gnu.version)

.gnu.version_d
 *(.gnu.version_d)

.gnu.version_r
 *(.gnu.version_r)

.rel.init
 *(.rel.init)

.rela.init
 *(.rela.init)

.rel.text
 *(.rel.text)
 *(.rel.text.*)
 *(.rel.gnu.linkonce.t*)

.rela.text
 *(.rela.text)
 *(.rela.text.*)
 *(.rela.gnu.linkonce.t*)

.rel.fini
 *(.rel.fini)

.rela.fini
 *(.rela.fini)

.rel.rodata
 *(.rel.rodata)
 *(.rel.rodata.*)
 *(.rel.gnu.linkonce.r*)

.rela.rodata
 *(.rela.rodata)
 *(.rela.rodata.*)
 *(.rela.gnu.linkonce.r*)

.rel.data
 *(.rel.data)
 *(.rel.data.*)
 *(.rel.gnu.linkonce.d*)

.rela.data
 *(.rela.data)
 *(.rela.data.*)
 *(.rela.gnu.linkonce.d*)

.rel.ctors
 *(.rel.ctors)

.rela.ctors
 *(.rela.ctors)

.rel.dtors
 *(.rel.dtors)

.rela.dtors
 *(.rela.dtors)

.rel.got
 *(.rel.got)

.rela.got
 *(.rela.got)

.rel.bss
 *(.rel.bss)

.rela.bss
 *(.rela.bss)

.rel.plt
 *(.rel.plt)

.rela.plt
 *(.rela.plt)

.text           0x00000000      0x3f0
 *(.vectors)
 .vectors       0x00000000      0x1f4 c:/program files (x86)/atmel/atmel toolchain/avr8 gcc/native/3.4.1061/avr8-gnu-toolchain/bin/../lib/gcc/avr/4.8.1/../../../../avr/lib/avrxmega7/crtx128a1.o
                0x00000000                __vector_default
                0x00000000                __vectors
 *(.vectors)
 *(.progmem.gcc*)
                0x000001f4                . = ALIGN (0x2)
                0x000001f4                __trampolines_start = .
 *(.trampolines)
 .trampolines   0x000001f4        0x0 linker stubs
 *(.trampolines*)
                0x000001f4                __trampolines_end = .
 *(.progmem*)
                0x000001f4                . = ALIGN (0x2)
 *(.jumptables)
 *(.jumptables*)
 *(.lowtext)
 *(.lowtext*)
                0x000001f4                __ctors_start = .
 *(.ctors)
                0x000001f4                __ctors_end = .
                0x000001f4                __dtors_start = .
 *(.dtors)
                0x000001f4                __dtors_end = .
 SORT(*)(.ctors)
 SORT(*)(.dtors)
 *(.init0)
 .init0         0x000001f4        0x0 c:/program files (x86)/atmel/atmel toolchain/avr8 gcc/native/3.4.1061/avr8-gnu-toolchain/bin/../lib/gcc/avr/4.8.1/../../../../avr/lib/avrxmega7/crtx128a1.o
                0x000001f4                __init
 *(.init0)
 *(.init1)
 *(.init1)
 *(.init2)
 .init2         0x000001f4       0x18 c:/program files (x86)/atmel/atmel toolchain/avr8 gcc/native/3.4.1061/avr8-gnu-toolchain/bin/../lib/gcc/avr/4.8.1/../../../../avr/lib/avrxmega7/crtx128a1.o
 *(.init2)
 *(.init3)
 *(.init3)
 *(.init4)
 *(.init4)
 *(.init5)
 *(.init5)
 *(.init6)
 *(.init6)
 *(.init7)
 *(.init7)
 *(.init8)
 *(.init8)
 *(.init9)
 .init9         0x0000020c        0x4 c:/program files (x86)/atmel/atmel toolchain/avr8 gcc/native/3.4.1061/avr8-gnu-toolchain/bin/../lib/gcc/avr/4.8.1/../../../../avr/lib/avrxmega7/crtx128a1.o
 *(.init9)
 *(.text)
 .text          0x00000210        0x2 c:/program files (x86)/atmel/atmel toolchain/avr8 gcc/native/3.4.1061/avr8-gnu-toolchain/bin/../lib/gcc/avr/4.8.1/../../../../avr/lib/avrxmega7/crtx128a1.o
                0x00000210                __vector_38
                0x00000210                __vector_104
                0x00000210                __vector_22
                0x00000210                __vector_63
                0x00000210                __vector_28
                0x00000210                __vector_67
                0x00000210                __vector_1
                0x00000210                __vector_119
                0x00000210                __vector_32
                0x00000210                __vector_75
                0x00000210                __vector_71
                0x00000210                __vector_91
                0x00000210                __vector_34
                0x00000210                __vector_62
                0x00000210                __vector_77
                0x00000210                __vector_102
                0x00000210                __vector_24
                0x00000210                __vector_12
                0x00000210                __vector_55
                0x00000210                __vector_69
                0x00000210                __vector_81
                0x00000210                __vector_90
                0x00000210                __vector_46
                0x00000210                __bad_interrupt
                0x00000210                __vector_122
                0x00000210                __vector_72
                0x00000210                __vector_114
                0x00000210                __vector_6
                0x00000210                __vector_110
                0x00000210                __vector_31
                0x00000210                __vector_92
                0x00000210                __vector_35
                0x00000210                __vector_78
                0x00000210                __vector_74
                0x00000210                __vector_117
                0x00000210                __vector_39
                0x00000210                __vector_107
                0x00000210                __vector_3
                0x00000210                __vector_105
                0x00000210                __vector_98
                0x00000210                __vector_23
                0x00000210                __vector_68
                0x00000210                __vector_30
                0x00000210                __vector_73
                0x00000210                __vector_45
                0x00000210                __vector_25
                0x00000210                __vector_93
                0x00000210                __vector_61
                0x00000210                __vector_11
                0x00000210                __vector_54
                0x00000210                __vector_99
                0x00000210                __vector_13
                0x00000210                __vector_17
                0x00000210                __vector_19
                0x00000210                __vector_56
                0x00000210                __vector_7
                0x00000210                __vector_49
                0x00000210                __vector_123
                0x00000210                __vector_41
                0x00000210                __vector_86
                0x00000210                __vector_100
                0x00000210                __vector_101
                0x00000210                __vector_64
                0x00000210                __vector_88
                0x00000210                __vector_109
                0x00000210                __vector_43
                0x00000210                __vector_27
                0x00000210                __vector_5
                0x00000210                __vector_113
                0x00000210                __vector_33
                0x00000210                __vector_76
                0x00000210                __vector_115
                0x00000210                __vector_47
                0x00000210                __vector_52
                0x00000210                __vector_37
                0x00000210                __vector_95
                0x00000210                __vector_103
                0x00000210                __vector_96
                0x00000210                __vector_89
                0x00000210                __vector_108
                0x00000210                __vector_4
                0x00000210                __vector_44
                0x00000210                __vector_82
                0x00000210                __vector_106
                0x00000210                __vector_118
                0x00000210                __vector_51
                0x00000210                __vector_9
                0x00000210                __vector_2
                0x00000210                __vector_21
                0x00000210                __vector_15
                0x00000210                __vector_66
                0x00000210                __vector_36
                0x00000210                __vector_79
                0x00000210                __vector_58
                0x00000210                __vector_70
                0x00000210                __vector_83
                0x00000210                __vector_29
                0x00000210                __vector_60
                0x00000210                __vector_121
                0x00000210                __vector_40
                0x00000210                __vector_85
                0x00000210                __vector_94
                0x00000210                __vector_8
                0x00000210                __vector_26
                0x00000210                __vector_48
                0x00000210                __vector_124
                0x00000210                __vector_116
                0x00000210                __vector_112
                0x00000210                __vector_111
                0x00000210                __vector_80
                0x00000210                __vector_14
                0x00000210                __vector_84
                0x00000210                __vector_57
                0x00000210                __vector_53
                0x00000210                __vector_10
                0x00000210                __vector_50
                0x00000210                __vector_16
                0x00000210                __vector_59
                0x00000210                __vector_18
                0x00000210                __vector_97
                0x00000210                __vector_20
                0x00000210                __vector_42
                0x00000210                __vector_87
                0x00000210                __vector_65
                0x00000210                __vector_120
                0x00000212                . = ALIGN (0x2)
 *(.text.*)
 .text.ioport_configure_port_pin
                0x00000212       0x50 src/ASF/common/services/ioport/xmega/ioport_compat.o
                0x00000212                ioport_configure_port_pin
 .text.board_init
                0x00000262      0x182 src/ASF/xmega/boards/xmega_a1_xplained/init.o
                0x00000262                board_init
 .text.main     0x000003e4        0x8 src/main.o
                0x000003e4                main
                0x000003ec                . = ALIGN (0x2)
 *(.fini9)
 .fini9         0x000003ec        0x0 c:/program files (x86)/atmel/atmel toolchain/avr8 gcc/native/3.4.1061/avr8-gnu-toolchain/bin/../lib/gcc/avr/4.8.1/avrxmega7\libgcc.a(_exit.o)
                0x000003ec                _exit
                0x000003ec                exit
 *(.fini9)
 *(.fini8)
 *(.fini8)
 *(.fini7)
 *(.fini7)
 *(.fini6)
 *(.fini6)
 *(.fini5)
 *(.fini5)
 *(.fini4)
 *(.fini4)
 *(.fini3)
 *(.fini3)
 *(.fini2)
 *(.fini2)
 *(.fini1)
 *(.fini1)
 *(.fini0)
 .fini0         0x000003ec        0x4 c:/program files (x86)/atmel/atmel toolchain/avr8 gcc/native/3.4.1061/avr8-gnu-toolchain/bin/../lib/gcc/avr/4.8.1/avrxmega7\libgcc.a(_exit.o)
 *(.fini0)
                0x000003f0                _etext = .

.data           0x00802000        0x0 load address 0x000003f0
                0x00802000                PROVIDE (__data_start, .)
 *(.data)
 *(.data*)
 *(.rodata)
 *(.rodata*)
 *(.gnu.linkonce.d*)
                0x00802000                . = ALIGN (0x2)
                0x00802000                _edata = .
                0x00802000                PROVIDE (__data_end, .)

.bss            0x00802000        0x0
                0x00802000                PROVIDE (__bss_start, .)
 *(.bss)
 *(.bss*)
 *(COMMON)
                0x00802000                PROVIDE (__bss_end, .)
                0x000003f0                __data_load_start = LOADADDR (.data)
                0x000003f0                __data_load_end = (__data_load_start + SIZEOF (.data))

.noinit         0x00802000        0x0
                0x00802000                PROVIDE (__noinit_start, .)
 *(.noinit*)
                0x00802000                PROVIDE (__noinit_end, .)
                0x00802000                _end = .
                0x00802000                PROVIDE (__heap_start, .)

.eeprom         0x00810000        0x0
 *(.eeprom*)
                0x00810000                __eeprom_end = .

.fuse
 *(.fuse)
 *(.lfuse)
 *(.hfuse)
 *(.efuse)

.lock
 *(.lock*)

.signature
 *(.signature*)

.user_signatures
 *(.user_signatures*)

.stab
 *(.stab)

.stabstr
 *(.stabstr)

.stab.excl
 *(.stab.excl)

.stab.exclstr
 *(.stab.exclstr)

.stab.index
 *(.stab.index)

.stab.indexstr
 *(.stab.indexstr)

.comment        0x00000000       0x30
 *(.comment)
 .comment       0x00000000       0x30 src/ASF/common/services/ioport/xmega/ioport_compat.o
                                 0x31 (size before relaxing)
 .comment       0x00000000       0x31 src/ASF/xmega/boards/xmega_a1_xplained/init.o
 .comment       0x00000000       0x31 src/main.o

.note.gnu.build-id
 *(.note.gnu.build-id)

.debug
 *(.debug)

.line
 *(.line)

.debug_srcinfo
 *(.debug_srcinfo)

.debug_sfnames
 *(.debug_sfnames)

.debug_aranges  0x00000000       0x60
 *(.debug_aranges)
 .debug_aranges
                0x00000000       0x20 src/ASF/common/services/ioport/xmega/ioport_compat.o
 .debug_aranges
                0x00000020       0x20 src/ASF/xmega/boards/xmega_a1_xplained/init.o
 .debug_aranges
                0x00000040       0x20 src/main.o

.debug_pubnames
 *(.debug_pubnames)

.debug_info     0x00000000      0xdf0
 *(.debug_info .gnu.linkonce.wi.*)
 .debug_info    0x00000000      0x11d src/ASF/common/services/ioport/xmega/ioport_compat.o
 .debug_info    0x0000011d      0xc25 src/ASF/xmega/boards/xmega_a1_xplained/init.o
 .debug_info    0x00000d42       0xae src/main.o

.debug_abbrev   0x00000000      0x25a
 *(.debug_abbrev)
 .debug_abbrev  0x00000000       0x93 src/ASF/common/services/ioport/xmega/ioport_compat.o
 .debug_abbrev  0x00000093      0x160 src/ASF/xmega/boards/xmega_a1_xplained/init.o
 .debug_abbrev  0x000001f3       0x67 src/main.o

.debug_line     0x00000000      0xfaf
 *(.debug_line .debug_line.* .debug_line_end)
 .debug_line    0x00000000      0x48d src/ASF/common/services/ioport/xmega/ioport_compat.o
 .debug_line    0x0000048d      0x4b4 src/ASF/xmega/boards/xmega_a1_xplained/init.o
 .debug_line    0x00000941      0x66e src/main.o

.debug_frame    0x00000000       0x78
 *(.debug_frame)
 .debug_frame   0x00000000       0x30 src/ASF/common/services/ioport/xmega/ioport_compat.o
 .debug_frame   0x00000030       0x24 src/ASF/xmega/boards/xmega_a1_xplained/init.o
 .debug_frame   0x00000054       0x24 src/main.o

.debug_str      0x00000000    0x26a18
 *(.debug_str)
 .debug_str     0x00000000    0x24759 src/ASF/common/services/ioport/xmega/ioport_compat.o
                              0x24db0 (size before relaxing)
 .debug_str     0x00024759     0x1222 src/ASF/xmega/boards/xmega_a1_xplained/init.o
                              0x25f9c (size before relaxing)
 .debug_str     0x0002597b     0x109d src/main.o
                              0x26d41 (size before relaxing)

.debug_loc      0x00000000       0x66
 *(.debug_loc)
 .debug_loc     0x00000000       0x66 src/ASF/common/services/ioport/xmega/ioport_compat.o

.debug_macinfo
 *(.debug_macinfo)

.debug_weaknames
 *(.debug_weaknames)

.debug_funcnames
 *(.debug_funcnames)

.debug_typenames
 *(.debug_typenames)

.debug_varnames
 *(.debug_varnames)

.debug_pubtypes
 *(.debug_pubtypes)

.debug_ranges   0x00000000       0x30
 *(.debug_ranges)
 .debug_ranges  0x00000000       0x10 src/ASF/common/services/ioport/xmega/ioport_compat.o
 .debug_ranges  0x00000010       0x10 src/ASF/xmega/boards/xmega_a1_xplained/init.o
 .debug_ranges  0x00000020       0x10 src/main.o

.debug_macro    0x00000000      0xab8
 *(.debug_macro)
 .debug_macro   0x00000000      0x193 src/ASF/common/services/ioport/xmega/ioport_compat.o
 .debug_macro   0x00000193       0x9a src/ASF/common/services/ioport/xmega/ioport_compat.o
 .debug_macro   0x0000022d      0x109 src/ASF/common/services/ioport/xmega/ioport_compat.o
 .debug_macro   0x00000336      0x1b5 src/ASF/xmega/boards/xmega_a1_xplained/init.o
 .debug_macro   0x000004eb       0x34 src/ASF/xmega/boards/xmega_a1_xplained/init.o
 .debug_macro   0x0000051f      0x265 src/ASF/xmega/boards/xmega_a1_xplained/init.o
 .debug_macro   0x00000784      0x259 src/main.o
 .debug_macro   0x000009dd       0x34 src/main.o
 .debug_macro   0x00000a11       0x28 src/main.o
 .debug_macro   0x00000a39       0x23 src/main.o
 .debug_macro   0x00000a5c       0x40 src/main.o
 .debug_macro   0x00000a9c       0x1c src/main.o
OUTPUT(XMega-A1-XPlored.elf elf32-avr)
LOAD linker stubs

.BOOT           0x00020000        0x0
